Connexion SSH au switch...
Session ouverte

ge-0/0/0

ge-0/0/1

ge-0/0/2

ge-0/0/3

ge-0/0/4

ge-0/0/5

ge-0/0/6

ge-0/0/7

ge-0/0/8

ge-0/0/9

ge-0/0/10

ge-0/0/11

ge-0/0/12

ge-0/0/13

ge-0/0/14

ge-0/0/15

ge-0/0/16

ge-0/0/17

ge-0/0/18

ge-0/0/19

ge-0/0/20

ge-0/0/21

ge-0/0/22

ge-0/0/23

bme0

dsc

gre

ipip

lo0

lsi

me0

mtun

pimd

pime

tap

vlan

vme
Fermeture de la connexion SSH avec le switch...
Session fermée
